============================================================
MediArch Benchmark Runner
============================================================
API:       http://localhost:8011
Questions: E:\MyPrograms\MediArch_System\docs\实验部分\54题实验补强\benchmark_questions_54.csv
Runs:      docs\实验部分\benchmark_runs_stratified16_completefix_2026-06-15.csv
Modes:     ['R2', 'VRAG']
Questions: ['Q004', 'Q005', 'Q012', 'Q016', 'Q019', 'Q020', 'Q021', 'Q022', 'Q024', 'Q029', 'Q033', 'Q037', 'Q041', 'Q045', 'Q050', 'Q054']
Tasks:     32
Timeout:   unlimited per request
============================================================
[1/32] Q004 (VRAG) ... OK (45.7s, 1710 chars)
[2/32] Q004 (R2) ... OK (72.5s, 1715 chars)
[3/32] Q005 (VRAG) ... OK (39.6s, 1488 chars)
[4/32] Q005 (R2) ... OK (40.6s, 923 chars)
[5/32] Q012 (VRAG) ... OK (47.9s, 1899 chars)
[6/32] Q012 (R2) ... OK (49.7s, 1068 chars)
[7/32] Q016 (VRAG) ... OK (46.2s, 1919 chars)
[8/32] Q016 (R2) ... OK (73.0s, 1983 chars)
[9/32] Q019 (VRAG) ... OK (25.8s, 669 chars)
[10/32] Q019 (R2) ... OK (36.8s, 673 chars)
[11/32] Q020 (VRAG) ... OK (38.0s, 1455 chars)
[12/32] Q020 (R2) ... OK (61.5s, 1476 chars)
[13/32] Q021 (VRAG) ... OK (48.4s, 1982 chars)
[14/32] Q021 (R2) ... OK (53.4s, 1217 chars)
[15/32] Q022 (VRAG) ... OK (43.5s, 1787 chars)
[16/32] Q022 (R2) ... OK (62.4s, 1726 chars)
[17/32] Q024 (VRAG) ... OK (52.4s, 1948 chars)
[18/32] Q024 (R2) ... OK (57.5s, 1393 chars)
[19/32] Q029 (VRAG) ... OK (27.8s, 698 chars)
[20/32] Q029 (R2) ... OK (45.4s, 607 chars)
[21/32] Q033 (VRAG) ... OK (39.7s, 1604 chars)
[22/32] Q033 (R2) ... OK (55.6s, 1086 chars)
[23/32] Q037 (VRAG) ... OK (35.4s, 1410 chars)
[24/32] Q037 (R2) ... OK (61.4s, 1249 chars)
[25/32] Q041 (VRAG) ... OK (46.5s, 1967 chars)
[26/32] Q041 (R2) ... OK (64.1s, 1653 chars)
[27/32] Q045 (VRAG) ... OK (28.6s, 911 chars)
[28/32] Q045 (R2) ... OK (62.0s, 740 chars)
[29/32] Q050 (VRAG) ... OK (36.1s, 1385 chars)
[30/32] Q050 (R2) ... OK (49.1s, 931 chars)
[31/32] Q054 (VRAG) ... OK (44.1s, 1609 chars)
[32/32] Q054 (R2) ... OK (65.7s, 1772 chars)
============================================================
Done! success=32, failed=0
Results saved to: docs\实验部分\benchmark_runs_stratified16_completefix_2026-06-15.csv
============================================================
