============================================================
MediArch Benchmark Runner
============================================================
API:       http://localhost:8011
Questions: docs\实验部分\54题实验补强\benchmark_questions_54.csv
Runs:      docs\实验部分\benchmark_runs_stratified16_2026-06-14.csv
Modes:     ['R2', 'VRAG']
Questions: ['Q004', 'Q005', 'Q012', 'Q016', 'Q019', 'Q020', 'Q021', 'Q022', 'Q024', 'Q029', 'Q033', 'Q037', 'Q041', 'Q045', 'Q050', 'Q054']
Tasks:     32
Timeout:   180 per request
============================================================
[1/32] Q004 (VRAG) ... OK (49.1s, 1898 chars)
[2/32] Q004 (R2) ... OK (63.5s, 274 chars)
[3/32] Q005 (VRAG) ... OK (39.8s, 1438 chars)
[4/32] Q005 (R2) ... OK (53.4s, 165 chars)
[5/32] Q012 (VRAG) ... OK (44.3s, 1492 chars)
[6/32] Q012 (R2) ... OK (61.5s, 297 chars)
[7/32] Q016 (VRAG) ... OK (55.2s, 2103 chars)
[8/32] Q016 (R2) ... OK (72.3s, 324 chars)
[9/32] Q019 (VRAG) ... OK (40.3s, 1516 chars)
[10/32] Q019 (R2) ... OK (53.3s, 351 chars)
[11/32] Q020 (VRAG) ... OK (31.9s, 1084 chars)
[12/32] Q020 (R2) ... OK (51.9s, 325 chars)
[13/32] Q021 (VRAG) ... OK (49.1s, 1879 chars)
[14/32] Q021 (R2) ... OK (78.6s, 126 chars)
[15/32] Q022 (VRAG) ... OK (42.6s, 1622 chars)
[16/32] Q022 (R2) ... OK (60.9s, 484 chars)
[17/32] Q024 (VRAG) ... OK (49.0s, 1855 chars)
[18/32] Q024 (R2) ... OK (74.0s, 236 chars)
[19/32] Q029 (VRAG) ... OK (25.7s, 786 chars)
[20/32] Q029 (R2) ... OK (41.2s, 163 chars)
[21/32] Q033 (VRAG) ... OK (50.4s, 1877 chars)
[22/32] Q033 (R2) ... OK (51.3s, 268 chars)
[23/32] Q037 (VRAG) ... OK (44.4s, 1468 chars)
[24/32] Q037 (R2) ... OK (65.8s, 564 chars)
[25/32] Q041 (VRAG) ... OK (54.7s, 2015 chars)
[26/32] Q041 (R2) ... OK (79.1s, 380 chars)
[27/32] Q045 (VRAG) ... OK (28.8s, 942 chars)
[28/32] Q045 (R2) ... OK (51.7s, 351 chars)
[29/32] Q050 (VRAG) ... OK (40.5s, 1413 chars)
[30/32] Q050 (R2) ... OK (54.5s, 170 chars)
[31/32] Q054 (VRAG) ... OK (48.2s, 1689 chars)
[32/32] Q054 (R2) ... OK (84.8s, 473 chars)
============================================================
Done! success=32, failed=0
Results saved to: docs\实验部分\benchmark_runs_stratified16_2026-06-14.csv
============================================================
