============================================================
MediArch Benchmark Runner
============================================================
API:       http://localhost:8011
Questions: E:\MyPrograms\MediArch_System\docs\实验部分\54题实验补强\benchmark_questions_54.csv
Runs:      docs\实验部分\benchmark_runs_stratified16_capfix_2026-06-15.csv
Modes:     ['R2', 'VRAG']
Questions: ['Q004', 'Q005', 'Q012', 'Q016', 'Q019', 'Q020', 'Q021', 'Q022', 'Q024', 'Q029', 'Q033', 'Q037', 'Q041', 'Q045', 'Q050', 'Q054']
Tasks:     32
Timeout:   unlimited per request
============================================================
[1/32] Q004 (VRAG) ... OK (54.9s, 2096 chars)
[2/32] Q004 (R2) ... OK (60.7s, 1374 chars)
[3/32] Q005 (VRAG) ... OK (35.5s, 1216 chars)
[4/32] Q005 (R2) ... OK (55.3s, 1191 chars)
[5/32] Q012 (VRAG) ... OK (50.2s, 1926 chars)
[6/32] Q012 (R2) ... OK (42.7s, 673 chars)
[7/32] Q016 (VRAG) ... OK (49.5s, 2052 chars)
[8/32] Q016 (R2) ... OK (66.2s, 1768 chars)
[9/32] Q019 (VRAG) ... OK (19.6s, 688 chars)
[10/32] Q019 (R2) ... OK (42.6s, 649 chars)
[11/32] Q020 (VRAG) ... OK (35.4s, 1276 chars)
[12/32] Q020 (R2) ... OK (62.2s, 1426 chars)
[13/32] Q021 (VRAG) ... OK (43.3s, 1793 chars)
[14/32] Q021 (R2) ... OK (47.9s, 1057 chars)
[15/32] Q022 (VRAG) ... OK (43.6s, 1748 chars)
[16/32] Q022 (R2) ... OK (51.0s, 1304 chars)
[17/32] Q024 (VRAG) ... OK (36.9s, 1394 chars)
[18/32] Q024 (R2) ... OK (62.4s, 1734 chars)
[19/32] Q029 (VRAG) ... OK (26.1s, 923 chars)
[20/32] Q029 (R2) ... OK (41.6s, 426 chars)
[21/32] Q033 (VRAG) ... OK (36.7s, 1482 chars)
[22/32] Q033 (R2) ... OK (46.1s, 1015 chars)
[23/32] Q037 (VRAG) ... OK (34.5s, 1206 chars)
[24/32] Q037 (R2) ... OK (78.2s, 2024 chars)
[25/32] Q041 (VRAG) ... OK (48.6s, 2028 chars)
[26/32] Q041 (R2) ... OK (67.6s, 1676 chars)
[27/32] Q045 (VRAG) ... OK (21.9s, 824 chars)
[28/32] Q045 (R2) ... OK (31.7s, 298 chars)
[29/32] Q050 (VRAG) ... OK (31.9s, 1228 chars)
[30/32] Q050 (R2) ... OK (70.3s, 1795 chars)
[31/32] Q054 (VRAG) ... OK (49.6s, 1677 chars)
[32/32] Q054 (R2) ... OK (88.4s, 2457 chars)
============================================================
Done! success=32, failed=0
Results saved to: docs\实验部分\benchmark_runs_stratified16_capfix_2026-06-15.csv
============================================================
